// Bun Snapshot v1, https://bun.sh/docs/test/snapshots

exports[`the tabbed panel (T056 B/E) snapshots pin all four tabs 1`] = `
[
  [
    "warning|*◎ GOAL ⚑ needs review",
    "base|▸Now│ Progress │ Decisions │ Goals",
    "base|",
    "base|*Checkout stays fast under load",
    "muted|p95 checkout latency stays under 250ms at 3× traffic",
    "base|▸ step S2 Remove the N+1 in loadCart",
    "muted|next: re-run the 3× soak",
    "error|*⚑ sign-off needed: C2 rejected 3 times (/goal approve <C#>)",
    "base|*recent",
    "muted|· verdict failed — C2 rejected 3 times",
    "muted|· verdict failed — C2 FAILED [host] p95 312ms",
    "base|",
    "muted|C criterion · I invariant · S plan step · ↑↓/tab/enter to a…",
  ],
  [
    "warning|*◎ GOAL ⚑ needs review",
    "base|Now │▸Progress│ Decisions │ Goals",
    "base|",
    "base|*criteria ■■■□□□□□□□ 1/4",
    "error|*Failed",
    "error|C C2 — p95 stays under 250ms across 3 runs (host)",
    "muted|*In progress",
    "muted|C C3 — the fix is explained in plain language",
    "muted|I I1 — the full suite still passes",
    "success|*Proven",
    "success|C C1 — checkout tests green (host)",
    "base|*plan",
    "success|S S1 ✓ Profile the slow path",
    "info|S S2 ▸ Remove the N+1 in loadCart",
    "muted|S S3 · Document the change",
    "warning|*last verdict — failed",
    "warning|C2 FAILED [host] p95 312ms (run 2/3)",
    "base|",
    "muted|C criterion · I invariant · S plan step · ↑↓/tab/enter to a…",
  ],
  [
    "warning|*◎ GOAL ⚑ needs review",
    "base|Now │ Progress │▸Decisions│ Goals",
    "base|",
    "base|*act on a row (↑↓ · enter)",
    "info|▸ Approve C2 (final) — p95 stays under 250ms across 3 runs",
    "info|▸ Approve C3 (final) — the fix is explained in plain",
    "info|language",
    "info|▸ Reject a criterion — /goal reject <C#> <why>",
    "base|*history",
    "muted|· verdict failed — C2 rejected 3 times",
    "muted|· verdict failed — C2 FAILED [host] p95 312ms",
    "base|",
    "muted|C criterion · I invariant · S plan step · ↑↓/tab/enter to a…",
  ],
  [
    "warning|*◎ GOAL ⚑ needs review",
    "base|Now │ Progress │ Decisions │▸Goals",
    "base|",
    "base|*this goal: Checkout stays fast under load (needs review)",
    "base|*other goals",
    "info|· other — Another goal (paused) · attachable",
    "base|*upcoming steps",
    "muted|S S2 · Remove the N+1 in loadCart",
    "muted|S S3 · Document the change",
    "base|",
    "muted|C criterion · I invariant · S plan step · ↑↓/tab/enter to a…",
  ],
]
`;
