// Bun Snapshot v1, https://bun.sh/docs/test/snapshots

exports[`the tabbed panel (T056 B/E) snapshots pin all four tabs 1`] = `
[
  [
    "warning|*◎ GOAL ⚑ needs review",
    "base|*[Now] Progress Decisions Goals",
    "muted|────────────────────────────────────────",
    "base|",
    "base|*Checkout stays fast under load",
    "muted|p95 checkout latency stays under 250ms at 3× traffic",
    "base|▸ step S2 Remove the N+1 in loadCart",
    "muted|next: re-run the 3× soak",
    "error|*⚑ sign-off needed: C2 rejected 3 times (/goal approve <C#>)",
    "base|*recent",
    "muted|────────────────────────────────────────",
    "muted|· verdict failed — C2 rejected 3 times",
    "muted|· verdict failed — C2 FAILED [host] p95 312ms",
    "base|",
    "muted|C criterion · I invariant · S plan step",
    "muted|↑↓/tab/enter to act",
  ],
  [
    "warning|*◎ GOAL ⚑ needs review",
    "base|*Now [Progress] Decisions Goals",
    "muted|────────────────────────────────────────",
    "base|",
    "base|*criteria ■■■□□□□□□□ 1/4",
    "error|*Failed",
    "muted|────────────────────────────────────────",
    "error|C C2 — p95 stays under 250ms across 3 runs (host)",
    "muted|*In progress",
    "muted|────────────────────────────────────────",
    "muted|C C3 — the fix is explained in plain language",
    "muted|I I1 — the full suite still passes",
    "success|*Proven",
    "muted|────────────────────────────────────────",
    "success|C C1 — checkout tests green (host)",
    "base|*plan",
    "muted|────────────────────────────────────────",
    "success|S S1 ✓ Profile the slow path",
    "info|S S2 ▸ Remove the N+1 in loadCart",
    "muted|S S3 · Document the change",
    "warning|*last verdict — failed",
    "warning|C2 FAILED [host] p95 312ms (run 2/3)",
    "base|",
    "muted|C criterion · I invariant · S plan step",
    "muted|↑↓/tab/enter to act",
  ],
  [
    "warning|*◎ GOAL ⚑ needs review",
    "base|*Now Progress [Decisions] Goals",
    "muted|────────────────────────────────────────",
    "base|",
    "base|*act on a row (↑↓ · enter)",
    "base|",
    "base|*history",
    "muted|────────────────────────────────────────",
    "muted|· verdict failed — C2 rejected 3 times",
    "muted|· verdict failed — C2 FAILED [host] p95 312ms",
    "base|",
    "muted|C criterion · I invariant · S plan step",
    "muted|↑↓/tab/enter to act",
  ],
  [
    "warning|*◎ GOAL ⚑ needs review",
    "base|*Now Progress Decisions [Goals]",
    "muted|────────────────────────────────────────",
    "base|",
    "base|*this goal: Checkout stays fast under load (needs review)",
    "base|*other goals",
    "muted|────────────────────────────────────────",
    "info|· other — Another goal (paused) · attachable",
    "base|*upcoming steps",
    "muted|────────────────────────────────────────",
    "muted|S S2 · Remove the N+1 in loadCart",
    "muted|S S3 · Document the change",
    "base|",
    "muted|C criterion · I invariant · S plan step",
    "muted|↑↓/tab/enter to act",
  ],
]
`;
